------------------------------------------------------------
Timing Analyzer Summary
------------------------------------------------------------

Type  : Slow 1200mV 85C Model Setup 'CLOCK_50'
Slack : -11.525
TNS   : -2119.300

Type  : Slow 1200mV 85C Model Setup 'output_module:output_module|LCD_Controller:comb_7|LCD_Display:u1|CLK_400HZ'
Slack : -4.555
TNS   : -57.528

Type  : Slow 1200mV 85C Model Setup 'uart_io:uart_io|UART_RX:UART_RX_Inst|r_RX_DV'
Slack : -0.600
TNS   : -2.132

Type  : Slow 1200mV 85C Model Hold 'CLOCK_50'
Slack : 0.160
TNS   : 0.000

Type  : Slow 1200mV 85C Model Hold 'uart_io:uart_io|UART_RX:UART_RX_Inst|r_RX_DV'
Slack : 0.403
TNS   : 0.000

Type  : Slow 1200mV 85C Model Hold 'output_module:output_module|LCD_Controller:comb_7|LCD_Display:u1|CLK_400HZ'
Slack : 0.405
TNS   : 0.000

Type  : Slow 1200mV 85C Model Recovery 'CLOCK_50'
Slack : -0.747
TNS   : -10.370

Type  : Slow 1200mV 85C Model Recovery 'output_module:output_module|LCD_Controller:comb_7|LCD_Display:u1|CLK_400HZ'
Slack : -0.547
TNS   : -7.111

Type  : Slow 1200mV 85C Model Removal 'CLOCK_50'
Slack : 0.820
TNS   : 0.000

Type  : Slow 1200mV 85C Model Removal 'output_module:output_module|LCD_Controller:comb_7|LCD_Display:u1|CLK_400HZ'
Slack : 0.877
TNS   : 0.000

Type  : Slow 1200mV 85C Model Minimum Pulse Width 'CLOCK_50'
Slack : -3.000
TNS   : -397.495

Type  : Slow 1200mV 85C Model Minimum Pulse Width 'output_module:output_module|LCD_Controller:comb_7|LCD_Display:u1|CLK_400HZ'
Slack : -1.285
TNS   : -48.830

Type  : Slow 1200mV 85C Model Minimum Pulse Width 'uart_io:uart_io|UART_RX:UART_RX_Inst|r_RX_DV'
Slack : -1.285
TNS   : -5.140

Type  : Slow 1200mV 85C Model Minimum Pulse Width 'debounce:clk_debounce|count[19]'
Slack : -1.285
TNS   : -1.285

Type  : Slow 1200mV 0C Model Setup 'CLOCK_50'
Slack : -10.608
TNS   : -1922.577

Type  : Slow 1200mV 0C Model Setup 'output_module:output_module|LCD_Controller:comb_7|LCD_Display:u1|CLK_400HZ'
Slack : -4.123
TNS   : -49.548

Type  : Slow 1200mV 0C Model Setup 'uart_io:uart_io|UART_RX:UART_RX_Inst|r_RX_DV'
Slack : -0.438
TNS   : -1.589

Type  : Slow 1200mV 0C Model Hold 'CLOCK_50'
Slack : 0.145
TNS   : 0.000

Type  : Slow 1200mV 0C Model Hold 'uart_io:uart_io|UART_RX:UART_RX_Inst|r_RX_DV'
Slack : 0.353
TNS   : 0.000

Type  : Slow 1200mV 0C Model Hold 'output_module:output_module|LCD_Controller:comb_7|LCD_Display:u1|CLK_400HZ'
Slack : 0.355
TNS   : 0.000

Type  : Slow 1200mV 0C Model Recovery 'CLOCK_50'
Slack : -0.563
TNS   : -7.193

Type  : Slow 1200mV 0C Model Recovery 'output_module:output_module|LCD_Controller:comb_7|LCD_Display:u1|CLK_400HZ'
Slack : -0.437
TNS   : -5.681

Type  : Slow 1200mV 0C Model Removal 'CLOCK_50'
Slack : 0.757
TNS   : 0.000

Type  : Slow 1200mV 0C Model Removal 'output_module:output_module|LCD_Controller:comb_7|LCD_Display:u1|CLK_400HZ'
Slack : 0.779
TNS   : 0.000

Type  : Slow 1200mV 0C Model Minimum Pulse Width 'CLOCK_50'
Slack : -3.000
TNS   : -397.495

Type  : Slow 1200mV 0C Model Minimum Pulse Width 'output_module:output_module|LCD_Controller:comb_7|LCD_Display:u1|CLK_400HZ'
Slack : -1.285
TNS   : -48.830

Type  : Slow 1200mV 0C Model Minimum Pulse Width 'uart_io:uart_io|UART_RX:UART_RX_Inst|r_RX_DV'
Slack : -1.285
TNS   : -5.140

Type  : Slow 1200mV 0C Model Minimum Pulse Width 'debounce:clk_debounce|count[19]'
Slack : -1.285
TNS   : -1.285

Type  : Fast 1200mV 0C Model Setup 'CLOCK_50'
Slack : -5.352
TNS   : -944.634

Type  : Fast 1200mV 0C Model Setup 'output_module:output_module|LCD_Controller:comb_7|LCD_Display:u1|CLK_400HZ'
Slack : -1.742
TNS   : -14.131

Type  : Fast 1200mV 0C Model Setup 'uart_io:uart_io|UART_RX:UART_RX_Inst|r_RX_DV'
Slack : 0.216
TNS   : 0.000

Type  : Fast 1200mV 0C Model Hold 'CLOCK_50'
Slack : -0.138
TNS   : -0.138

Type  : Fast 1200mV 0C Model Hold 'uart_io:uart_io|UART_RX:UART_RX_Inst|r_RX_DV'
Slack : 0.182
TNS   : 0.000

Type  : Fast 1200mV 0C Model Hold 'output_module:output_module|LCD_Controller:comb_7|LCD_Display:u1|CLK_400HZ'
Slack : 0.183
TNS   : 0.000

Type  : Fast 1200mV 0C Model Recovery 'CLOCK_50'
Slack : 0.118
TNS   : 0.000

Type  : Fast 1200mV 0C Model Recovery 'output_module:output_module|LCD_Controller:comb_7|LCD_Display:u1|CLK_400HZ'
Slack : 0.201
TNS   : 0.000

Type  : Fast 1200mV 0C Model Removal 'output_module:output_module|LCD_Controller:comb_7|LCD_Display:u1|CLK_400HZ'
Slack : 0.322
TNS   : 0.000

Type  : Fast 1200mV 0C Model Removal 'CLOCK_50'
Slack : 0.379
TNS   : 0.000

Type  : Fast 1200mV 0C Model Minimum Pulse Width 'CLOCK_50'
Slack : -3.000
TNS   : -394.664

Type  : Fast 1200mV 0C Model Minimum Pulse Width 'output_module:output_module|LCD_Controller:comb_7|LCD_Display:u1|CLK_400HZ'
Slack : -1.000
TNS   : -38.000

Type  : Fast 1200mV 0C Model Minimum Pulse Width 'uart_io:uart_io|UART_RX:UART_RX_Inst|r_RX_DV'
Slack : -1.000
TNS   : -4.000

Type  : Fast 1200mV 0C Model Minimum Pulse Width 'debounce:clk_debounce|count[19]'
Slack : -1.000
TNS   : -1.000

------------------------------------------------------------
